[    0.000000] Initializing cgroup subsys cpuset
[    0.000000] Initializing cgroup subsys cpu
[    0.000000] Initializing cgroup subsys cpuacct
[    0.000000] Linux version 4.4.0-179-generic (buildd@lcy01-amd64-014) (gcc version 5.4.0 20160609 (Ubuntu 5.4.0-6ubuntu1~16.04.12) ) #209-Ubuntu SMP Fri Apr 24 17:48:44 UTC 2020 (Ubuntu 4.4.0-179.209-generic 4.4.219)
[    0.000000] Command line: BOOT_IMAGE=/boot/vmlinuz-4.4.0-179-generic root=LABEL=cloudimg-rootfs ro console=tty1 console=ttyS0
[    0.000000] KERNEL supported cpus:
[    0.000000]   Intel GenuineIntel
[    0.000000]   AMD AuthenticAMD
[    0.000000]   Centaur CentaurHauls
[    0.000000] x86/fpu: xstate_offset[2]:  576, xstate_sizes[2]:  256
[    0.000000] x86/fpu: Supporting XSAVE feature 0x01: 'x87 floating point registers'
[    0.000000] x86/fpu: Supporting XSAVE feature 0x02: 'SSE registers'
[    0.000000] x86/fpu: Supporting XSAVE feature 0x04: 'AVX registers'
[    0.000000] x86/fpu: Enabled xstate features 0x7, context size is 832 bytes, using 'standard' format.
[    0.000000] e820: BIOS-provided physical RAM map:
[    0.000000] BIOS-e820: [mem 0x0000000000000000-0x000000000009fbff] usable
[    0.000000] BIOS-e820: [mem 0x000000000009fc00-0x000000000009ffff] reserved
[    0.000000] BIOS-e820: [mem 0x00000000000f0000-0x00000000000fffff] reserved
[    0.000000] BIOS-e820: [mem 0x0000000000100000-0x000000003ffeffff] usable
[    0.000000] BIOS-e820: [mem 0x000000003fff0000-0x000000003fffffff] ACPI data
[    0.000000] BIOS-e820: [mem 0x00000000fec00000-0x00000000fec00fff] reserved
[    0.000000] BIOS-e820: [mem 0x00000000fee00000-0x00000000fee00fff] reserved
[    0.000000] BIOS-e820: [mem 0x00000000fffc0000-0x00000000ffffffff] reserved
[    0.000000] NX (Execute Disable) protection: active
[    0.000000] SMBIOS 2.5 present.
[    0.000000] Hypervisor detected: KVM
[    0.000000] e820: last_pfn = 0x3fff0 max_arch_pfn = 0x400000000
[    0.000000] MTRR: Disabled
[    0.000000] x86/PAT: MTRRs disabled, skipping PAT initialization too.
[    0.000000] CPU MTRRs all blank - virtualized system.
[    0.000000] x86/PAT: Configuration [0-7]: WB  WT  UC- UC  WB  WT  UC- UC  
[    0.000000] found SMP MP-table at [mem 0x0009fff0-0x0009ffff] mapped at [ffff88000009fff0]
[    0.000000] Scanning 1 areas for low memory corruption
[    0.000000] RAMDISK: [mem 0x362e2000-0x37168fff]
[    0.000000] ACPI: Early table checksum verification disabled
[    0.000000] ACPI: RSDP 0x00000000000E0000 000024 (v02 VBOX  )
[    0.000000] ACPI: XSDT 0x000000003FFF0030 00003C (v01 VBOX   VBOXXSDT 00000001 ASL  00000061)
[    0.000000] ACPI: FACP 0x000000003FFF00F0 0000F4 (v04 VBOX   VBOXFACP 00000001 ASL  00000061)
[    0.000000] ACPI: DSDT 0x000000003FFF0470 002325 (v02 VBOX   VBOXBIOS 00000002 INTL 20100528)
[    0.000000] ACPI: FACS 0x000000003FFF0200 000040
[    0.000000] ACPI: FACS 0x000000003FFF0200 000040
[    0.000000] ACPI: APIC 0x000000003FFF0240 000054 (v02 VBOX   VBOXAPIC 00000001 ASL  00000061)
[    0.000000] ACPI: SSDT 0x000000003FFF02A0 0001CC (v01 VBOX   VBOXCPUT 00000002 INTL 20100528)
[    0.000000] No NUMA configuration found
[    0.000000] Faking a node at [mem 0x0000000000000000-0x000000003ffeffff]
[    0.000000] NODE_DATA(0) allocated [mem 0x3ffeb000-0x3ffeffff]
[    0.000000] kvm-clock: Using msrs 4b564d01 and 4b564d00
[    0.000000] kvm-clock: cpu 0, msr 0:3ffe3001, primary cpu clock
[    0.000000] kvm-clock: using sched offset of 5362103183 cycles
[    0.000000] clocksource: kvm-clock: mask: 0xffffffffffffffff max_cycles: 0x1cd42e4dffb, max_idle_ns: 881590591483 ns
[    0.000000] Zone ranges:
[    0.000000]   DMA      [mem 0x0000000000001000-0x0000000000ffffff]
[    0.000000]   DMA32    [mem 0x0000000001000000-0x000000003ffeffff]
[    0.000000]   Normal   empty
[    0.000000]   Device   empty
[    0.000000] Movable zone start for each node
[    0.000000] Early memory node ranges
[    0.000000]   node   0: [mem 0x0000000000001000-0x000000000009efff]
[    0.000000]   node   0: [mem 0x0000000000100000-0x000000003ffeffff]
[    0.000000] Initmem setup node 0 [mem 0x0000000000001000-0x000000003ffeffff]
[    0.000000] ACPI: PM-Timer IO Port: 0x4008
[    0.000000] IOAPIC[0]: apic_id 1, version 32, address 0xfec00000, GSI 0-23
[    0.000000] ACPI: INT_SRC_OVR (bus 0 bus_irq 0 global_irq 2 dfl dfl)
[    0.000000] ACPI: INT_SRC_OVR (bus 0 bus_irq 9 global_irq 9 low level)
[    0.000000] Using ACPI (MADT) for SMP configuration information
[    0.000000] smpboot: Allowing 1 CPUs, 0 hotplug CPUs
[    0.000000] PM: Registered nosave memory: [mem 0x00000000-0x00000fff]
[    0.000000] PM: Registered nosave memory: [mem 0x0009f000-0x0009ffff]
[    0.000000] PM: Registered nosave memory: [mem 0x000a0000-0x000effff]
[    0.000000] PM: Registered nosave memory: [mem 0x000f0000-0x000fffff]
[    0.000000] e820: [mem 0x40000000-0xfebfffff] available for PCI devices
[    0.000000] Booting paravirtualized kernel on KVM
[    0.000000] clocksource: refined-jiffies: mask: 0xffffffff max_cycles: 0xffffffff, max_idle_ns: 7645519600211568 ns
[    0.000000] setup_percpu: NR_CPUS:512 nr_cpumask_bits:512 nr_cpu_ids:1 nr_node_ids:1
[    0.000000] PERCPU: Embedded 33 pages/cpu @ffff88003fc00000 s95448 r8192 d31528 u2097152
[    0.000000] Built 1 zonelists in Node order, mobility grouping on.  Total pages: 257912
[    0.000000] Policy zone: DMA32
[    0.000000] Kernel command line: BOOT_IMAGE=/boot/vmlinuz-4.4.0-179-generic root=LABEL=cloudimg-rootfs ro console=tty1 console=ttyS0
[    0.000000] PID hash table entries: 4096 (order: 3, 32768 bytes)
[    0.000000] Memory: 997808K/1048120K available (8630K kernel code, 1336K rwdata, 4036K rodata, 1488K init, 1292K bss, 50312K reserved, 0K cma-reserved)
[    0.000000] SLUB: HWalign=64, Order=0-3, MinObjects=0, CPUs=1, Nodes=1
[    0.000000] Kernel/User page tables isolation: enabled
[    0.000000] Hierarchical RCU implementation.
[    0.000000] 	Build-time adjustment of leaf fanout to 64.
[    0.000000] 	RCU restricting CPUs from NR_CPUS=512 to nr_cpu_ids=1.
[    0.000000] RCU: Adjusting geometry for rcu_fanout_leaf=64, nr_cpu_ids=1
[    0.000000] NR_IRQS:33024 nr_irqs:256 16
[    0.000000] Console: colour VGA+ 80x25
[    0.000000] console [tty1] enabled
[    0.000000] console [ttyS0] enabled
[    0.000000] tsc: Detected 2495.998 MHz processor
[    0.194794] Calibrating delay loop (skipped) preset value.. 4991.99 BogoMIPS (lpj=9983992)
[    0.197404] pid_max: default: 32768 minimum: 301
[    0.199262] ACPI: Core revision 20150930
[    0.202053] ACPI: 2 ACPI AML tables successfully acquired and loaded
[    0.204381] Security Framework initialized
[    0.205764] Yama: becoming mindful.
[    0.206878] AppArmor: AppArmor initialized
[    0.208143] Dentry cache hash table entries: 131072 (order: 8, 1048576 bytes)
[    0.211614] Inode-cache hash table entries: 65536 (order: 7, 524288 bytes)
[    0.214199] Mount-cache hash table entries: 2048 (order: 2, 16384 bytes)
[    0.216159] Mountpoint-cache hash table entries: 2048 (order: 2, 16384 bytes)
[    0.219065] Initializing cgroup subsys io
[    0.220131] Initializing cgroup subsys memory
[    0.221236] Initializing cgroup subsys devices
[    0.222400] Initializing cgroup subsys freezer
[    0.223487] Initializing cgroup subsys net_cls
[    0.224601] Initializing cgroup subsys perf_event
[    0.225802] Initializing cgroup subsys net_prio
[    0.227063] Initializing cgroup subsys hugetlb
[    0.228271] Initializing cgroup subsys pids
[    0.231042] mce: CPU supports 0 MCE banks
[    0.232394] process: using mwait in idle threads
[    0.233774] Last level iTLB entries: 4KB 64, 2MB 8, 4MB 8
[    0.235404] Last level dTLB entries: 4KB 64, 2MB 0, 4MB 0, 1GB 4
[    0.237269] Spectre V1 : Mitigation: usercopy/swapgs barriers and __user pointer sanitization
[    0.239392] Spectre V2 : Mitigation: Full generic retpoline
[    0.240935] Spectre V2 : Spectre v2 / SpectreRSB mitigation: Filling RSB on context switch
[    0.242935] Speculative Store Bypass: Vulnerable
[    0.244116] MDS: Mitigation: Clear CPU buffers
[    0.266880] Freeing SMP alternatives memory: 36K
[    0.274744] ftrace: allocating 32313 entries in 127 pages
[    0.329052] smpboot: APIC(0) Converting physical 0 to logical package 0
[    0.331517] smpboot: Max logical packages: 1
[    0.332809] x2apic enabled
[    0.333951] Switched APIC routing to physical x2apic.
[    0.336150] ..TIMER: vector=0x30 apic1=0 pin1=2 apic2=-1 pin2=-1
[    0.446002] smpboot: CPU0: Intel(R) Core(TM) i7-7660U CPU @ 2.50GHz (family: 0x6, model: 0x8e, stepping: 0x9)
[    0.449070] Performance Events: unsupported p6 CPU model 142 no PMU driver, software events only.
[    0.461329] KVM setup paravirtual spinlock
[    0.463250] x86: Booted up 1 node, 1 CPUs
[    0.464238] smpboot: Total of 1 processors activated (4991.99 BogoMIPS)
[    0.465917] devtmpfs: initialized
[    0.468401] evm: security.selinux
[    0.469691] evm: security.SMACK64
[    0.471140] evm: security.SMACK64EXEC
[    0.472109] evm: security.SMACK64TRANSMUTE
[    0.473185] evm: security.SMACK64MMAP
[    0.474620] evm: security.ima
[    0.475440] evm: security.capability
[    0.476591] clocksource: jiffies: mask: 0xffffffff max_cycles: 0xffffffff, max_idle_ns: 7645041785100000 ns
[    0.479303] futex hash table entries: 256 (order: 2, 16384 bytes)
[    0.481240] pinctrl core: initialized pinctrl subsystem
[    0.482740] RTC time: 19:06:06, date: 06/07/20
[    0.484427] NET: Registered protocol family 16
[    0.485952] cpuidle: using governor ladder
[    0.487420] cpuidle: using governor menu
[    0.488442] PCCT header not found.
[    0.489688] ACPI: bus type PCI registered
[    0.491005] acpiphp: ACPI Hot Plug PCI Controller Driver version: 0.5
[    0.493309] PCI: Using configuration type 1 for base access
[    0.496323] ACPI: Added _OSI(Module Device)
[    0.497604] ACPI: Added _OSI(Processor Device)
[    0.499060] ACPI: Added _OSI(3.0 _SCP Extensions)
[    0.501268] ACPI: Added _OSI(Processor Aggregator Device)
[    0.503433] ACPI: Executed 1 blocks of module-level executable AML code
[    0.507037] ACPI: Interpreter enabled
[    0.508700] ACPI: (supports S0 S5)
[    0.509827] ACPI: Using IOAPIC for interrupt routing
[    0.511282] PCI: Using host bridge windows from ACPI; if necessary, use "pci=nocrs" and report a bug
[    0.519981] ACPI: PCI Root Bridge [PCI0] (domain 0000 [bus 00-ff])
[    0.522323] acpi PNP0A03:00: _OSC: OS supports [ASPM ClockPM Segments MSI]
[    0.526899] acpi PNP0A03:00: _OSC: not requesting OS control; OS requires [ExtendedConfig ASPM ClockPM MSI]
[    0.533853] acpi PNP0A03:00: fail to add MMCONFIG information, can't access extended PCI configuration space under this bridge.
[    0.542482] PCI host bridge to bus 0000:00
[    0.545932] pci_bus 0000:00: root bus resource [io  0x0000-0x0cf7 window]
[    0.550241] pci_bus 0000:00: root bus resource [io  0x0d00-0xffff window]
[    0.555509] pci_bus 0000:00: root bus resource [mem 0x000a0000-0x000bffff window]
[    0.560505] pci_bus 0000:00: root bus resource [mem 0x40000000-0xfdffffff window]
[    0.566198] pci_bus 0000:00: root bus resource [bus 00-ff]
[    0.577940] pci 0000:00:01.1: legacy IDE quirk: reg 0x10: [io  0x01f0-0x01f7]
[    0.582209] pci 0000:00:01.1: legacy IDE quirk: reg 0x14: [io  0x03f6]
[    0.587463] pci 0000:00:01.1: legacy IDE quirk: reg 0x18: [io  0x0170-0x0177]
[    0.592181] pci 0000:00:01.1: legacy IDE quirk: reg 0x1c: [io  0x0376]
[    0.623251] pci 0000:00:07.0: quirk: [io  0x4000-0x403f] claimed by PIIX4 ACPI
[    0.634418] pci 0000:00:07.0: quirk: [io  0x4100-0x410f] claimed by PIIX4 SMB
[    0.645054] ACPI: PCI Interrupt Link [LNKA] (IRQs 5 9 10 *11)
[    0.647265] ACPI: PCI Interrupt Link [LNKB] (IRQs 5 9 *10 11)
[    0.649988] ACPI: PCI Interrupt Link [LNKC] (IRQs 5 *9 10 11)
[    0.652044] ACPI: PCI Interrupt Link [LNKD] (IRQs 5 9 10 *11)
[    0.654390] ACPI: Enabled 2 GPEs in block 00 to 07
[    0.656034] vgaarb: setting as boot device: PCI:0000:00:02.0
[    0.657365] vgaarb: device added: PCI:0000:00:02.0,decodes=io+mem,owns=io+mem,locks=none
[    0.659294] vgaarb: loaded
[    0.660016] vgaarb: bridge control possible 0000:00:02.0
[    0.662053] SCSI subsystem initialized
[    0.663071] ACPI: bus type USB registered
[    0.664099] usbcore: registered new interface driver usbfs
[    0.665495] usbcore: registered new interface driver hub
[    0.666959] usbcore: registered new device driver usb
[    0.668592] PCI: Using ACPI for IRQ routing
[    0.670487] NetLabel: Initializing
[    0.671381] NetLabel:  domain hash size = 128
[    0.672535] NetLabel:  protocols = UNLABELED CIPSOv4
[    0.674199] NetLabel:  unlabeled traffic allowed by default
[    0.676013] amd_nb: Cannot enumerate AMD northbridges
[    0.678475] clocksource: Switched to clocksource kvm-clock
[    0.688098] AppArmor: AppArmor Filesystem Enabled
[    0.689509] pnp: PnP ACPI init
[    0.691464] pnp: PnP ACPI: found 3 devices
[    0.699497] clocksource: acpi_pm: mask: 0xffffff max_cycles: 0xffffff, max_idle_ns: 2085701024 ns
[    0.702385] NET: Registered protocol family 2
[    0.703831] TCP established hash table entries: 8192 (order: 4, 65536 bytes)
[    0.705464] TCP bind hash table entries: 8192 (order: 5, 131072 bytes)
[    0.707028] TCP: Hash tables configured (established 8192 bind 8192)
[    0.708529] UDP hash table entries: 512 (order: 2, 16384 bytes)
[    0.710189] UDP-Lite hash table entries: 512 (order: 2, 16384 bytes)
[    0.711784] NET: Registered protocol family 1
[    0.712966] pci 0000:00:00.0: Limiting direct PCI/PCI transfers
[    0.714442] pci 0000:00:01.0: Activating ISA DMA hang workarounds
[    0.716079] Unpacking initramfs...
[    0.915567] Freeing initrd memory: 14876K
[    0.916974] clocksource: tsc: mask: 0xffffffffffffffff max_cycles: 0x23fa754787d, max_idle_ns: 440795210092 ns
[    0.919632] platform rtc_cmos: registered platform RTC device (no PNP device found)
[    0.921834] Scanning for low memory corruption every 60 seconds
[    0.925677] audit: initializing netlink subsys (disabled)
[    0.927657] audit: type=2000 audit(1591556774.431:1): initialized
[    0.929705] Initialise system trusted keyring
[    0.930972] HugeTLB registered 2 MB page size, pre-allocated 0 pages
[    0.933579] zbud: loaded
[    0.934505] VFS: Disk quotas dquot_6.6.0
[    0.936306] VFS: Dquot-cache hash table entries: 512 (order 0, 4096 bytes)
[    0.939015] squashfs: version 4.0 (2009/01/31) Phillip Lougher
[    0.940776] fuse init (API version 7.23)
[    0.941870] Key type big_key registered
[    0.943077] Allocating IMA MOK and blacklist keyrings.
[    0.944505] Key type asymmetric registered
[    0.945515] Asymmetric key parser 'x509' registered
[    0.946737] Block layer SCSI generic (bsg) driver version 0.4 loaded (major 249)
[    0.948698] io scheduler noop registered
[    0.949721] io scheduler deadline registered (default)
[    0.951720] io scheduler cfq registered
[    0.953085] pci_hotplug: PCI Hot Plug PCI Core version: 0.5
[    0.954571] pciehp: PCI Express Hot Plug Controller Driver version: 0.4
[    0.956414] ACPI: AC Adapter [AC] (off-line)
[    0.957498] input: Power Button as /devices/LNXSYSTM:00/LNXPWRBN:00/input/input0
[    0.959938] ACPI: Power Button [PWRF]
[    0.961070] input: Sleep Button as /devices/LNXSYSTM:00/LNXSLPBN:00/input/input1
[    0.962833] ACPI: Sleep Button [SLPF]
[    0.964974] ACPI: Battery Slot [BAT0] (battery present)
[    0.966338] GHES: HEST is not enabled!
[    0.967518] Serial: 8250/16550 driver, 32 ports, IRQ sharing enabled
[    0.989862] 00:02: ttyS0 at I/O 0x3f8 (irq = 4, base_baud = 115200) is a 16550A
[    0.993413] Linux agpgart interface v0.103
[    0.995266] loop: module loaded
[    0.996647] scsi host0: ata_piix
[    0.997527] scsi host1: ata_piix
[    0.998385] ata1: PATA max UDMA/33 cmd 0x1f0 ctl 0x3f6 bmdma 0xd000 irq 14
[    1.000320] ata2: PATA max UDMA/33 cmd 0x170 ctl 0x376 bmdma 0xd008 irq 15
[    1.004173] libphy: Fixed MDIO Bus: probed
[    1.005733] tun: Universal TUN/TAP device driver, 1.6
[    1.007240] tun: (C) 1999-2004 Max Krasnyansky <maxk@qualcomm.com>
[    1.008764] PPP generic driver version 2.4.2
[    1.009999] ehci_hcd: USB 2.0 'Enhanced' Host Controller (EHCI) Driver
[    1.011704] ehci-pci: EHCI PCI platform driver
[    1.012858] ehci-platform: EHCI generic platform driver
[    1.014356] ohci_hcd: USB 1.1 'Open' Host Controller (OHCI) Driver
[    1.015991] ohci-pci: OHCI PCI platform driver
[    1.017419] ohci-platform: OHCI generic platform driver
[    1.019898] uhci_hcd: USB Universal Host Controller Interface driver
[    1.022115] i8042: PNP: PS/2 Controller [PNP0303:PS2K,PNP0f03:PS2M] at 0x60,0x64 irq 1,12
[    1.024572] serio: i8042 KBD port at 0x60,0x64 irq 1
[    1.025826] serio: i8042 AUX port at 0x60,0x64 irq 12
[    1.027649] mousedev: PS/2 mouse device common for all mice
[    1.029739] input: AT Translated Set 2 keyboard as /devices/platform/i8042/serio0/input/input2
[    1.032220] rtc_cmos rtc_cmos: rtc core: registered rtc_cmos as rtc0
[    1.033693] rtc_cmos rtc_cmos: alarms up to one day, 114 bytes nvram
[    1.035355] i2c /dev entries driver
[    1.036357] device-mapper: uevent: version 1.0.3
[    1.037834] device-mapper: ioctl: 4.34.0-ioctl (2015-10-28) initialised: dm-devel@redhat.com
[    1.040740] ledtrig-cpu: registered to indicate activity on CPUs
[    1.042676] NET: Registered protocol family 10
[    1.043895] NET: Registered protocol family 17
[    1.045014] Key type dns_resolver registered
[    1.046210] registered taskstats version 1
[    1.047261] Loading compiled-in X.509 certificates
[    1.048820] Loaded X.509 cert 'Build time autogenerated kernel key: a9e5689415cbbea5b40a198600f217117afda70c'
[    1.051799] zswap: loaded using pool lzo/zbud
[    1.054268] Key type trusted registered
[    1.057028] Key type encrypted registered
[    1.058034] AppArmor: AppArmor sha1 policy hashing enabled
[    1.059335] ima: No TPM chip found, activating TPM-bypass!
[    1.060719] ima: Allocated hash algorithm: sha1
[    1.061816] evm: HMAC attrs: 0x1
[    1.063268]   Magic number: 8:605:141
[    1.064319] rtc_cmos rtc_cmos: setting system clock to 2020-06-07 19:06:07 UTC (1591556767)
[    1.066605] BIOS EDD facility v0.16 2004-Jun-25, 0 devices found
[    1.068128] EDD information not available.
[    1.183032] Freeing unused kernel memory: 1488K
[    1.184882] Write protecting the kernel read-only data: 14336k
[    1.187362] Freeing unused kernel memory: 1600K
[    1.188569] Freeing unused kernel memory: 60K
Loading, please wait...
starting version 229
[    1.199913] random: udevadm: uninitialized urandom read (16 bytes read, 3 bits of entropy available)
[    1.203373] random: systemd-udevd: uninitialized urandom read (16 bytes read, 3 bits of entropy available)
[    1.205799] random: systemd-udevd: uninitialized urandom read (16 bytes read, 3 bits of entropy available)
[    1.208727] random: systemd-udevd: uninitialized urandom read (16 bytes read, 3 bits of entropy available)
[    1.211287] random: udevadm: uninitialized urandom read (16 bytes read, 3 bits of entropy available)
[    1.214864] random: systemd-udevd: uninitialized urandom read (16 bytes read, 3 bits of entropy available)
[    1.228002] random: udevadm: uninitialized urandom read (16 bytes read, 3 bits of entropy available)
[    1.232013] random: systemd-udevd: uninitialized urandom read (16 bytes read, 3 bits of entropy available)
[    1.234856] random: systemd-udevd: uninitialized urandom read (16 bytes read, 3 bits of entropy available)
[    1.238202] random: udevadm: uninitialized urandom read (16 bytes read, 3 bits of entropy available)
[    1.289466] e1000: Intel(R) PRO/1000 Network Driver - version 7.3.21-k8-NAPI
[    1.291687] e1000: Copyright (c) 1999-2006 Intel Corporation.
[    1.298300] Fusion MPT base driver 3.04.20
[    1.299440] Copyright (c) 1999-2008 LSI Corporation
[    1.313244] Fusion MPT SPI Host driver 3.04.20
[    1.332171] AVX2 version of gcm_enc/dec engaged.
[    1.333537] AES CTR mode by8 optimization enabled
[    1.510365] input: ImExPS/2 Generic Explorer Mouse as /devices/platform/i8042/serio1/input/input4
[    1.753827] e1000 0000:00:03.0 eth0: (PCI:33MHz:32-bit) 02:7c:66:aa:a6:59
[    1.757186] e1000 0000:00:03.0 eth0: Intel(R) PRO/1000 Network Connection
[    1.760275] mptbase: ioc0: Initiating bringup
[    1.822840] ioc0: LSI53C1030 A0: Capabilities={Initiator}
[    1.984495] scsi host2: ioc0: LSI53C1030 A0, FwRev=00000000h, Ports=1, MaxQ=256, IRQ=20
[    2.100201] scsi 2:0:0:0: Direct-Access     VBOX     HARDDISK         1.0  PQ: 0 ANSI: 5
[    2.102896] scsi target2:0:0: Beginning Domain Validation
[    2.106070] scsi target2:0:0: Domain Validation skipping write tests
[    2.107765] scsi target2:0:0: Ending Domain Validation
[    2.110708] scsi target2:0:0: asynchronous
[    2.112409] scsi 2:0:1:0: Direct-Access     VBOX     HARDDISK         1.0  PQ: 0 ANSI: 5
[    2.114610] scsi target2:0:1: Beginning Domain Validation
[    2.117862] scsi target2:0:1: Domain Validation skipping write tests
[    2.120149] scsi target2:0:1: Ending Domain Validation
[    2.121883] scsi target2:0:1: asynchronous
[    2.168615] sd 2:0:0:0: Attached scsi generic sg0 type 0
[    2.171553] sd 2:0:0:0: [sda] 20971520 512-byte logical blocks: (10.7 GB/10.0 GiB)
[    2.181651] sd 2:0:1:0: [sdb] 20480 512-byte logical blocks: (10.5 MB/10.0 MiB)
[    2.184856] sd 2:0:1:0: [sdb] Write Protect is off
[    2.186928] sd 2:0:1:0: Attached scsi generic sg1 type 0
[    2.200388] sd 2:0:1:0: [sdb] Incomplete mode parameter data
[    2.202488] sd 2:0:1:0: [sdb] Assuming drive cache: write through
[    2.215826] sd 2:0:0:0: [sda] Write Protect is off
[    2.217687] sd 2:0:0:0: [sda] Incomplete mode parameter data
[    2.220174] sd 2:0:0:0: [sda] Assuming drive cache: write through
[    2.234500]  sda: sda1
[    2.236398] sd 2:0:1:0: [sdb] Attached SCSI disk
[    2.239388] sd 2:0:0:0: [sda] Attached SCSI disk
[    2.622145] e1000 0000:00:08.0 eth1: (PCI:33MHz:32-bit) 08:00:27:80:52:e3
[    2.624186] e1000 0000:00:08.0 eth1: Intel(R) PRO/1000 Network Connection
[    2.627440] e1000 0000:00:08.0 enp0s8: renamed from eth1
[    2.630749] e1000 0000:00:03.0 enp0s3: renamed from eth0
Begin: Loading essential drivers ... [    3.894763] md: linear personality registered for level -1
[    3.900821] md: multipath personality registered for level -4
[    3.906869] md: raid0 personality registered for level 0
[    3.917951] md: raid1 personality registered for level 1
[    3.994627] raid6: sse2x1   gen()  5128 MB/s
[    4.062503] raid6: sse2x1   xor()  6349 MB/s
[    4.133830] raid6: sse2x2   gen() 14000 MB/s
[    4.202571] raid6: sse2x2   xor()  8248 MB/s
[    4.270629] raid6: sse2x4   gen() 14734 MB/s
[    4.339127] raid6: sse2x4   xor()  9908 MB/s
[    4.414123] raid6: avx2x1   gen() 19849 MB/s
[    4.482497] raid6: avx2x2   gen() 22285 MB/s
[    4.551122] raid6: avx2x4   gen() 26463 MB/s
[    4.552737] raid6: using algorithm avx2x4 gen() 26463 MB/s
[    4.554736] raid6: using avx2x2 recovery algorithm
[    4.558127] xor: automatically using best checksumming function:
[    4.606806]    avx       : 67370.000 MB/sec
[    4.610254] async_tx: api initialized (async)
[    4.623510] md: raid6 personality registered for level 6
[    4.624953] md: raid5 personality registered for level 5
[    4.626427] md: raid4 personality registered for level 4
[    4.633332] md: raid10 personality registered for level 10
done.
Begin: Running /scripts/init-premount ... done.
Begin: Mounting root file system ... Begin: Running /scripts/local-top ... done.
Begin: Running /scripts/local-premount ... [    4.667720] Btrfs loaded
Scanning for Btrfs filesystems
done.
Warning: fsck not present, so skipping root file system
[    4.716449] EXT4-fs (sda1): mounted filesystem with ordered data mode. Opts: (null)
done.
Begin: Running /scripts/local-bottom ... done.
Begin: Running /scripts/init-bottom ... done.
[    4.993334] systemd[1]: systemd 229 running in system mode. (+PAM +AUDIT +SELINUX +IMA +APPARMOR +SMACK +SYSVINIT +UTMP +LIBCRYPTSETUP +GCRYPT +GNUTLS +ACL +XZ -LZ4 +SECCOMP +BLKID +ELFUTILS +KMOD -IDN)
[    4.998008] systemd[1]: Detected virtualization oracle.
[    4.999589] systemd[1]: Detected architecture x86-64.

Welcome to [1mUbuntu 16.04.6 LTS[0m!

[    5.011219] systemd[1]: Set hostname to <worker2>.
[    5.368166] systemd[1]: Configuration file /lib/systemd/system/kubelet.service is marked world-inaccessible. This has no effect as configuration data is accessible via APIs without restrictions. Proceeding anyway.
[    5.383904] systemd[1]: Configuration file /etc/systemd/system/kubelet.service.d/10-kubeadm.conf is marked world-inaccessible. This has no effect as configuration data is accessible via APIs without restrictions. Proceeding anyway.
[    5.411010] systemd[1]: Listening on Syslog Socket.
[[0;32m  OK  [0m] Listening on Syslog Socket.
[    5.413495] systemd[1]: Created slice User and Session Slice.
[[0;32m  OK  [0m] Created slice User and Session Slice.
[    5.417800] systemd[1]: Reached target Swap.
[[0;32m  OK  [0m] Reached target Swap.
[    5.420419] systemd[1]: Reached target System Time Synchronized.
[[0;32m  OK  [0m] Reached target System Time Synchronized.
[    5.424552] systemd[1]: Started Forward Password Requests to Wall Directory Watch.
[[0;32m  OK  [0m] Started Forward Password Requests to Wall Directory Watch.
[    5.430824] systemd[1]: Created slice System Slice.
[[0;32m  OK  [0m] Created slice System Slice.
[    5.433437] systemd[1]: Listening on LVM2 poll daemon socket.
[[0;32m  OK  [0m] Listening on LVM2 poll daemon socket.
[    5.436585] systemd[1]: Listening on udev Control Socket.
[[0;32m  OK  [0m] Listening on udev Control Socket.
[    5.439952] systemd[1]: Listening on udev Kernel Socket.
[[0;32m  OK  [0m] Listening on udev Kernel Socket.
[    5.443102] systemd[1]: Created slice system-serial\x2dgetty.slice.
[[0;32m  OK  [0m] Created slice system-serial\x2dgetty.slice.
[    5.446906] systemd[1]: Listening on Journal Audit Socket.
[[0;32m  OK  [0m] Listening on Journal Audit Socket.
[    5.450106] systemd[1]: Listening on /dev/initctl Compatibility Named Pipe.
[[0;32m  OK  [0m] Listening on /dev/initctl Compatibility Named Pipe.
[    5.455013] systemd[1]: Reached target Encrypted Volumes.
[[    5.457213] random: nonblocking pool is initialized
[0;32m  OK  [0m] Reached target Encrypted Volumes.
[    5.460185] systemd[1]: Listening on Journal Socket.
[[0;32m  OK  [0m] Listening on Journal Socket.
[    5.463490] systemd[1]: Starting Create list of required static device nodes for the current kernel...
         Starting Create list of required st... nodes for the current kernel...
[    5.475559] systemd[1]: Starting Remount Root and Kernel File Systems...
         Starting Remount Root and Kernel File Systems...
[    5.481363] systemd[1]: Mounting POSIX Message Queue File System...
         Mounting POSIX Message Queue File System...
[    5.493042] systemd[1]: Mounting Huge Pages File System...
         Mounting Huge Pages File System...
[    5.513102] systemd[1]: Starting Load Kernel Modules...
         Starting Load Kernel Modules...
[    5.515787] systemd[1]: Reached target User and Group Name Lookups.
[    5.519544] EXT4-fs (sda1): re-mounted. Opts: (null)
[[0;32m  OK  [0m] Reached target User and Group Name Lookups.
[    5.524446] systemd[1]: Starting Set console keymap...
         Starting Set console keymap...
[    5.533819] systemd[1]: Started Trigger resolvconf update for networkd DNS.
[[0;32m  OK  [0m] Started Trigger resolvconf update for networkd DNS.
[    5.540555] systemd[1]: Set up automount Arbitrary Executable File Formats File System Automount Point.
[[0;32m  OK  [0m] Set up automount Arbitrary Executab...ats File System Automount Point.
[    5.559328] systemd[1]: Listening on Device-mapper event daemon FIFOs.
[[0;32m  OK  [0m[    5.564446] Loading iSCSI transport class v2.0-870.
] Listening on Device-mapper event daemon FIFOs.
[    5.571303] systemd[1]: Starting Uncomplicated firewall...
         Starting Uncomplicated firewall...
[    5.587935] systemd[1]: Mounting Debug File System...
         Mounting Debug File System...
[    5.596194] systemd[1]: Listening on Journal Socket (/dev/log).
[[0;32m  OK  [0m] Listening on Journal Socket (/dev/log).
[    5.607242] systemd[1]: Starting Journal Service...
         Starting Journal Service...
[    5.610898] iscsi: registered transport (tcp)
[    5.614717] systemd[1]: Reached target Slices.
[[0;32m  OK  [0m] Reached target Slices.
[    5.621291] systemd[1]: Starting Nameserver information manager...
         Starting Nameserver information manager...
[    5.639693] systemd[1]: Listening on LVM2 metadata daemon socket.
[[0;32m  OK  [0m] Listening on LVM2 metadata daemon socket.
[    5.660505] systemd[1]: Starting Monitoring of LVM2 mirrors, snapshots etc. using dmeventd or progress polling...
         Starting Monitoring of LVM2 mirrors... dmeventd or progress polling...
[    5.686231] systemd[1]: Mounted Huge Pages File System.
[[0;32m  OK  [0m] Mounted Huge Pages File System.
[    5.697437] systemd[1]: Mounted Debug File System.
[[0;32m  OK  [0m] Mounted Debug File System.
[    5.712402] systemd[1]: Mounted POSIX Message Queue File System.
[[0;32m  OK  [0m] Mounted POSIX Message Queue File System.
[    5.731085] systemd[1]: Started Create list of required static device nodes for the current kernel.
[[0;32m  OK  [0m] Started Create list of required sta...ce nodes for the current kernel.
[    5.743876] systemd[1]: Started Remount Root and Kernel File Systems.
[[0;32m  OK  [0m] Started Remount Root and Kernel File Systems.
[    5.751222] systemd[1]: Started Set console keymap.
[[0;32m  OK  [0m] Started Set console keymap.
[    5.758514] systemd[1]: Started Uncomplicated firewall.
[[0;32m  OK  [0m] Started Uncomplicated firewall.
[    5.772210] systemd[1]: Started Journal Service.
[    5.780738] iscsi: registered transport (iser)
[[0;32m  OK  [0m] Started Journal Service.
[[0;32m  OK  [0m] Started Nameserver information manager.
[[0;32m  OK  [0m] Started Load Kernel Modules.
[[0;32m  OK  [0m] Started LVM2 metadata daemon.
         Mounting FUSE Control File System...
         Starting Apply Kernel Variables...
         Starting Flush Journal to Persistent Storage...
         Starting udev Coldplug all Devices...
         Starting Load/Save Random Seed...
         Starting Create Static Device Nodes in /dev...
[[0;32m  OK  [0m] Mounted FUSE Control File System.
[    5.887844] systemd-journald[403]: Received request to flush runtime journal from PID 1
[[0;32m  OK  [0m] Started Load/Save Random Seed.
[[0;32m  OK  [0m] Started Flush Journal to Persistent Storage.
[[0;32m  OK  [0m] Started Apply Kernel Variables.
[[0;32m  OK  [0m] Started Create Static Device Nodes in /dev.
         Starting udev Kernel Device Manager...
[[0;32m  OK  [0m] Started udev Coldplug all Devices.
[[0;32m  OK  [0m] Started udev Kernel Device Manager.
[[0;32m  OK  [0m] Started Dispatch Password Requests to Console Directory Watch.
[[0;32m  OK  [0m] Started Monitoring of LVM2 mirrors,...ng dmeventd or progress polling.
[[0;32m  OK  [0m] Reached target Local File Systems (Pre).
[[0;32m  OK  [0m] Reached target Local File Systems.
         Starting Tell Plymouth To Write Out Runtime Data...
         Starting Set console font and keymap...
         Starting Initial cloud-init job (pre-networking)...
         Starting Create Volatile Files and Directories...
         Starting LSB: ebtables ruleset management...
         Starting LSB: AppArmor initialization...
[[0;32m  OK  [0m] Started Tell Plymouth To Write Out Runtime Data.
[[0;32m  OK  [0m] Found device /dev/ttyS0.
[[0;32m  OK  [0m] Started Create Volatile Files and Directories.
         Starting Update UTMP about System Boot/Shutdown...
[[0;32m  OK  [0m] Started Update UTMP about System Boot/Shutdown.
[[0;32m  OK  [0m] Started LSB: ebtables ruleset management.
[[0;32m  OK  [0m] Listening on Load/Save RF Kill Switch Status /dev/rfkill Watch.
[[0;32m  OK  [0m] Found device 82540EM Gigabit Ethern...r (PRO/1000 MT Desktop Adapter).
[[0;32m  OK  [0m] Found device 82540EM Gigabit Ethern...r (PRO/1000 MT Desktop Adapter).
[[0;32m  OK  [0m] Started LSB: AppArmor initialization.
[[0;32m  OK  [0m] Started Set console font and keymap.
[[0;32m  OK  [0m] Created slice system-getty.slice.
[    8.354911] cloud-init[506]: Cloud-init v. 19.4-33-gbb4131a2-0ubuntu1~16.04.1 running 'init-local' at Sun, 07 Jun 2020 19:06:14 +0000. Up 8.04 seconds.
[[0;32m  OK  [0m] Started Initial cloud-init job (pre-networking).
[[0;32m  OK  [0m] Reached target Network (Pre).
[[0;32m  OK  [0m] Started ifup for enp0s3.
[[0;32m  OK  [0m] Started ifup for enp0s8.
         Starting Raise network interfaces...
[[0;32m  OK  [0m] Started Raise network interfaces.
[[0;32m  OK  [0m] Reached target Network.
         Starting Initial cloud-init job (metadata service crawler)...
[    9.645126] cloud-init[1391]: Cloud-init v. 19.4-33-gbb4131a2-0ubuntu1~16.04.1 running 'init' at Sun, 07 Jun 2020 19:06:15 +0000. Up 9.28 seconds.
[    9.652366] cloud-init[1391]: ci-info: ++++++++++++++++++++++++++++++++++++++Net device info+++++++++++++++++++++++++++++++++++++++
[    9.660542] cloud-init[1391]: ci-info: +--------+------+-----------------------------+---------------+--------+-------------------+
[    9.662887] cloud-init[1391]: ci-info: | Device |  Up  |           Address           |      Mask     | Scope  |     Hw-Address    |
[    9.664608] cloud-init[1391]: ci-info: +--------+------+-----------------------------+---------------+--------+-------------------+
[    9.666817] cloud-init[1391]: ci-info: | enp0s3 | True |          10.0.2.15          | 255.255.255.0 | global | 02:7c:66:aa:a6:59 |
[    9.681779] cloud-init[1391]: ci-info: | enp0s3 | True |  fe80::7c:66ff:feaa:a659/64 |       .       |  link  | 02:7c:66:aa:a6:59 |
[    9.696660] cloud-init[1391]: ci-info: | enp0s8 | True |          10.0.0.12          | 255.255.255.0 | global | 08:00:27:80:52:e3 |
[[0;32m  OK  [0m] Started Initial cloud-init job (metadata service crawler).
[[0;32m  OK  [0m] Reached target Cloud-config availability.
[[0;32m  OK  [0m] Reached target System Initialization.
[    9.705896] cloud-init[1391]: ci-info: | enp0s8 | True | fe80::a00:27ff:fe80:52e3/64 |       .       |  link  | 08:00:27:80:52:e3 |
[[0;32m  OK  [0m] Listening on Avahi mDNS/DNS-SD Stack Activation Socket.
[    9.711547] cloud-init[[0;32m  OK  [0m] Listening on ACPID Listen Socket.
[1391]: ci-info: |   lo   | True |          127.0.0.1          |   255.0.0.0   |  host  |         .         |
[    9.721067] cloud-init[1391]: ci-info: |   lo   | True |           ::1/128           |       .       |  host  |         .         |
[    9.723623] cloud-init[1391]: ci-info: +--------+------+-----------------------------+---------------+--------+-------------------+
         Starting LXD - unix socket.[    9.736167] cloud-init[1391]: ci-info: +++++++++++++++++++++++++++Route IPv4 info++++++++++++++++++++++++++++
[    9.739108] cloud-init[1391]: ci-info: +-------+-------------+----------+---------------+-----------+-------+

[    9.741955] cloud-init[1391]: ci-info: | Route | Destination | Gateway  |    Genmask    | Interface | Flags |
[[0;32m  OK  [0m] Started ACPI Events Check.
[[0;32m  OK  [0m] Reached target Paths.
[    9.747260] cloud-init[1391]: ci-info: +-------+-------------+----------+---------------+-----------+-------+
[[0;32m  OK  [0m] Started Daily apt download activities.
         Starting Docker Socket for the API.
[    9.753949] cloud-init[1391]: ci-info: |   0   |   0.0.0.0   | 10.0.2.2 |    0.0.0.0    |   enp0s3  |   UG  |[[0;32m  OK  [0m] Listening on D-Bus System Message Bus Socket.
[[0;32m  OK  [0m] Started Daily Cleanup of Temporary Directories.
[[0;32m  OK  [0m] Started Daily apt upgrade and clean activities.
[[0;32m  OK  [0m] Listening on UUID daemon activation socket.
[[0;32m  OK  [0m] Started Message of the Day.
[[0;32m  OK  [0m] Reached target Timers.

[    9.761372] cloud-init[1391]: ci-info: |   1   |   10.0.0.0  | 0.0.0.0  | 255.255.255.0 |   enp0s8  |   U   |
[    9.764223] cloud-init[1391]: ci-info: |   2   |   10.0.2.0  | 0.0.0.0  | 255.255.255.0 |   enp0s3  |   U   |
         Starting Socket activation for snappy daemon.
[    9.768416] cloud-init[1391]: ci-info: +-------+-------------+----------+---------------+-----------+-------+
[    9.768908] cloud-init[1391]: ci-info: +++++++++++++++++++Route IPv6 info+++++++++++++++++++
[    9.771928] [[0;32m  OK  [0m] Reached target Network is Online.
         Starting iSCSI initiator daemon (iscsid)...
[[0;32m  OK  [0m] Listening on LXD - unix socket.
[[0;32m  OK  [0m] cloud-init[1391]: ci-info: +-------+-------------+---------+-----------+-------+Listening on Docker Socket for the API.
[[0;32m  OK  [0m] Listening on Socket activation for snappy daemon.
[    9.781652] cloud-init[1391]: ci-info: | Route | Destination | Gateway | Interface | Flags |
[    9.783537] cloud-init[1391]: ci-info: +-------+-------------+---------+-----------+-------+

[[0;32m  OK  [0m] Reached target Sockets.
[    9.786073] cloud-init[1391]: ci-info: |   0   |  fe80::/64  |    ::   |   enp0s8  |   U   |
[    9.804691] cloud-init[1391]: ci-info: |   1   |  fe80::/64  |    ::   |   enp0s3  |   U   |
[[    9.816137] cloud-init[1391]: ci-info: |   4   |   ff00::/8  |    ::   |   enp0s8  |   U   |
[    9.816293] cloud-init[1391]: ci-info: |   5   |   ff00::/8  |    ::   |   enp0s3  |   U   |
[    9.816460] cloud-init[1391]: ci-info: +-------+-------------+---------+-----------+-------+
[0;32m  OK  [0m] Reached target Basic System.
         Starting LSB: Record successful boot for GRUB...
         Starting Accounts Service...
[[0;32m  OK  [0m] Started D-Bus System Message Bus.
[[0;32m  OK  [0m] Started Regular background program processing daemon.
         Starting LSB: MD monitoring daemon...
[[0;32m  OK  [0m] Started ACPI event daemon.
[[0;32m  OK  [0m] Started Deferred execution scheduler.
         Starting LXD - container startup/shutdown...
[[0;32m  OK  [0m] Started FUSE filesystem for LXC.
         Starting Ubuntu FAN network setup...
         Starting System Logging Service...
         Starting Snappy daemon...
         Starting Avahi mDNS/DNS-SD Stack...
[[0;32m  OK  [0m] Started kubelet: The Kubernetes Node Agent.
         Starting OpenBSD Secure Shell server...
         Starting containerd container runtime...
         Starting Login Service...
         Starting Virtualbox guest utils...
         Starting /etc/rc.local Compatibility...
[[0;32m  OK  [0m] Started iSCSI initiator daemon (iscsid).
[[0;32m  OK  [0m] Started Ubuntu FAN network setup.
[[0;32m  OK  [0m] Started /etc/rc.local Compatibility.
         Starting Authenticate and Authorize Users to Run Privileged Tasks...
         Starting Login to default iSCSI targets...
[[0;32m  OK  [0m] Started containerd container runtime.
         Starting Docker Application Container Engine...
[[0;32m  OK  [0m] Started Avahi mDNS/DNS-SD Stack.
[[0;32m  OK  [0m] Started System Logging Service.
[[0;32m  OK  [0m] Started LSB: Record successful boot for GRUB.
[[0;32m  OK  [0m] Started LSB: MD monitoring daemon.
[[0;32m  OK  [0m] Started Login Service.
[[0;32m  OK  [0m] Started Unattended Upgrades Shutdown.
[[0;32m  OK  [0m] Started Login to default iSCSI targets.
[[0;32m  OK  [0m] Reached target Remote File Systems (Pre).
[[0;32m  OK  [0m] Reached target Remote File Systems.
         Starting LSB: automatic crash report generation...
         Starting LSB: Set up cgroupfs mounts....
         Starting LSB: daemon to balance interrupts for SMP systems...
         Starting Permit User Sessions...
         Starting LSB: Set the CPU Frequency Scaling governor to "ondemand"...
[[0;32m  OK  [0m] Started Authenticate and Authorize Users to Run Privileged Tasks.
[[0;32m  OK  [0m] Started LSB: Set up cgroupfs mounts..
[[0;32m  OK  [0m] Started Permit User Sessions.
         Starting Terminate Plymouth Boot Screen...
         Starting Hold until boot process finishes up...
[[0;32m  OK  [0m] Started Hold until boot process finishes up.
[[0;32m  OK  [0m] Started Getty on tty1.
         Starting Set console scheme...
[[0;32m  OK  [0m] Started Serial Getty on ttyS0.
[[0;32m  OK  [0m] Reached target Login Prompts.
[[0;32m  OK  [0m] Started Terminate Plymouth Boot Screen.
[[0;32m  OK  [0m] Started Accounts Service.
[[0;32m  OK  [0m] Started Set console scheme.
[[0;32m  OK  [0m] Started OpenBSD Secure Shell server.
[[0;32m  OK  [0m] Started LSB: Set the CPU Frequency Scaling governor to "ondemand".
[[0;32m  OK  [0m] Started LSB: daemon to balance interrupts for SMP systems.
[[0;32m  OK  [0m] Started LSB: automatic crash report generation.
[[0;32m  OK  [0m] Started Virtualbox guest utils.
[[0;32m  OK  [0m] Created slice User Slice of vagrant.
         Starting User Manager for UID 1000...
[[0;32m  OK  [0m] Started Session 1 of user vagrant.
[[0;32m  OK  [0m] Started User Manager for UID 1000.
[[0;32m  OK  [0m] Started LXD - container startup/shutdown.
[[0;32m  OK  [0m] Started Snappy daemon.
         Starting Wait until snapd is fully seeded...
[[0;32m  OK  [0m] Started Wait until snapd is fully seeded.
         Starting Apply the settings specified in cloud-config...
[   13.192164] cloud-init[1773]: Cloud-init v. 19.4-33-gbb4131a2-0ubuntu1~16.04.1 running 'modules:config' at Sun, 07 Jun 2020 19:06:19 +0000. Up 12.89 seconds.
[[0;32m  OK  [0m] Started Apply the settings specified in cloud-config.
[[0;32m  OK  [0m] Started Docker Application Container Engine.
[[0;32m  OK  [0m] Reached target Multi-User System.
         Starting Execute cloud user/final scripts...
[[0;32m  OK  [0m] Reached target Graphical Interface.
         Starting Update UTMP about System Runlevel Changes...
[[0;32m  OK  [0m] Started Update UTMP about System Runlevel Changes.
         Stopping User Manager for UID 1000...
[[0;32m  OK  [0m] Stopped User Manager for UID 1000.
[[0;32m  OK  [0m] Removed slice User Slice of vagrant.
[   15.922805] cloud-init[2335]: Cloud-init v. 19.4-33-gbb4131a2-0ubuntu1~16.04.1 running 'modules:final' at Sun, 07 Jun 2020 19:06:22 +0000. Up 15.80 seconds.
[   15.932615] cloud-init[2335]: Cloud-init v. 19.4-33-gbb4131a2-0ubuntu1~16.04.1 finished at Sun, 07 Jun 2020 19:06:22 +0000. Datasource DataSourceNoCloud [seed=/dev/sdb][dsmode=net].  Up 15.91 seconds

Ubuntu 16.04.6 LTS worker2 ttyS0

worker2 login: 